
Memory Configuration

Name             Origin             Length             Attributes
Flash            0x08000000         0x00020000         xr
SRAM             0x20000000         0x00005000         xrw
*default*        0x00000000         0xffffffff

Linker script and memory map


.text           0x08000000       0xa8
 *(.vectors*)
 *(.text*)
 .text          0x08000000       0xa8 app.o
                0x08000000                main

.glue_7         0x080000a8        0x0
 .glue_7        0x00000000        0x0 linker stubs

.glue_7t        0x080000a8        0x0
 .glue_7t       0x00000000        0x0 linker stubs

.vfp11_veneer   0x080000a8        0x0
 .vfp11_veneer  0x00000000        0x0 linker stubs

.v4_bx          0x080000a8        0x0
 .v4_bx         0x00000000        0x0 linker stubs

.iplt           0x080000a8        0x0
 .iplt          0x00000000        0x0 app.o

.rel.dyn        0x080000a8        0x0
 .rel.iplt      0x00000000        0x0 app.o

.data           0x080000a8        0x4
 *(.data*)
 .data          0x080000a8        0x4 app.o
                0x080000a8                PR_ODR

.igot.plt       0x080000ac        0x0
 .igot.plt      0x00000000        0x0 app.o

.rodata
 *(.rodata*)

.bss            0x20000000        0x0
 *(.bss*)
 .bss           0x20000000        0x0 app.o
LOAD app.o
OUTPUT(Learn-in-Depth-Cortex-M3.elf elf32-littlearm)

.debug_info     0x00000000      0x12e
 .debug_info    0x00000000      0x12e app.o

.debug_abbrev   0x00000000       0xd5
 .debug_abbrev  0x00000000       0xd5 app.o

.debug_loc      0x00000000       0x38
 .debug_loc     0x00000000       0x38 app.o

.debug_aranges  0x00000000       0x20
 .debug_aranges
                0x00000000       0x20 app.o

.debug_line     0x00000000       0x9d
 .debug_line    0x00000000       0x9d app.o

.debug_str      0x00000000       0xed
 .debug_str     0x00000000       0xed app.o
                                0x130 (size before relaxing)

.comment        0x00000000       0x11
 .comment       0x00000000       0x11 app.o
                                 0x12 (size before relaxing)

.ARM.attributes
                0x00000000       0x33
 .ARM.attributes
                0x00000000       0x33 app.o

.debug_frame    0x00000000       0x2c
 .debug_frame   0x00000000       0x2c app.o
